Microchip MPLAB XC8 Compiler V1.45 ()

Linker command line:

--edf=C:\Program Files (x86)\Microchip\xc8\v1.45\dat\en_msgs.txt -cs \
  -h+dist/miwikit_pic18f46j50_24j40/debug\miwi_demo_kit.X.debug.sym \
  --cmf=dist/miwikit_pic18f46j50_24j40/debug\miwi_demo_kit.X.debug.cmf -z \
  -Q18F46J50 -oC:\Users\e1625278\AppData\Local\Temp\s6j0.2 \
  -Mdist/miwikit_pic18f46j50_24j40/debug/miwi_demo_kit.X.debug.map -E1 \
  -ver=XC8 -ASTACK=0600h-0ebfh -pstack=STACK -ACODE=00h-0FFF7h \
  -ACONST=00h-0FFF7h -ASMALLCONST=0F00h-0FFFhx240,0FF00h-0FFF7h \
  -AMEDIUMCONST=0F00h-0FFF7h -ACOMRAM=01h-05Fh -AABS1=00h-0EBFh \
  -ABIGRAM=01h-0EBFh -ARAM=060h-0FFh,0100h-01FFhx13,0E00h-0EBFh \
  -ABANK0=060h-0FFh -ABANK1=0100h-01FFh -ABANK2=0200h-02FFh \
  -ABANK3=0300h-03FFh -ABANK4=0400h-04FFh -ABANK5=0500h-05FFh \
  -ABANK6=0600h-06FFh -ABANK7=0700h-07FFh -ABANK8=0800h-08FFh \
  -ABANK9=0900h-09FFh -ABANK10=0A00h-0AFFh -ABANK11=0B00h-0BFFh \
  -ABANK12=0C00h-0CFFh -ABANK13=0D00h-0DFFh -ABANK14=0E00h-0EBFh \
  -ASFR=0EC0h-0EFFh,0F00h-0F5Fh,0F60h-0FFCh \
  -preset_vec=00h,intcode=08h,intcodelo,powerup,init -pramtop=0F00h \
  -psmallconst=SMALLCONST -pmediumconst=MEDIUMCONST -pconst=CONST \
  -AFARRAM=00h-00h -ACONFIG=0FFF8h-0FFFFh -pconfig=CONFIG \
  -pjflash_buffer=0F800h \
  -prdata=COMRAM,nvrram=COMRAM,nvbit=COMRAM,rbss=COMRAM,rbit=COMRAM \
  -pfarbss=FARRAM,fardata=FARRAM,nvFARRAM=FARRAM \
  -pintsave_regs=BIGRAM,bigbss=BIGRAM,bigdata=BIGRAM -pbss=RAM \
  -pidata=CODE,irdata=CODE,ibigdata=CODE,ifardata=CODE -prparam=COMRAM \
  C:\Users\e1625278\AppData\Local\Temp\s6j0.obj \
  dist/miwikit_pic18f46j50_24j40/debug\miwi_demo_kit.X.debug.obj 

Object code version is 3.11

Machine type is 18F46J50

Call graph: (short form)




                Name                               Link     Load   Length Selector   Space Scale
C:\Users\e1625278\AppData\Local\Temp\s6j0.obj
                init                                29C      29C        4        4       0
                reset_vec                             0        0        6        0       0
                config                             FFF8     FFF8        8     FFF8       0
dist/miwikit_pic18f46j50_24j40/debug\miwi_demo_kit.X.debug.obj
                intcode                               8        8      294        4       0
                temp                                 55       55        1        1       1
                mediumconst                        FBBE     FBBE      43A     7DDF       0
                text107                            7BF4     7BF4        2        4       0
                text106                            7AEE     7AEE       1A        4       0
                text105                            7BE0     7BE0        A        4       0
                text104                            744E     744E       52        4       0
                text103                            7976     7976       2A        4       0
                text102                            79C8     79C8       28        4       0
                text100                            7AB8     7AB8       1C        4       0
                text99                             72F4     72F4       5A        4       0
                text98                             78EE     78EE       30        4       0
                text97                             74A0     74A0       4C        4       0
                text96                             7BD6     7BD6        A        4       0
                text95                             729A     729A       5A        4       0
                text94                             788C     788C       32        4       0
                text93                             4AA8     4AA8      266        4       0
                text92                             7110     7110       6A        4       0
                text91                             7240     7240       5A        4       0
                text90                             40E6     40E6      3CA        4       0
                text89                             4F60     4F60      252        4       0
                text88                             6190     6190       EC        4       0
                text87                             734E     734E       58        4       0
                text86                             6E9E     6E9E       86        4       0
                text85                             6770     6770       B0        4       0
                text84                             77EE     77EE       36        4       0
                text83                             777C     777C       3A        4       0
                text82                             57AA     57AA      1AE        4       0
                text81                             627C     627C       E8        4       0
                text80                             6CFE     6CFE       92        4       0
                text79                             5FA8     5FA8       F6        4       0
                text78                             7A16     7A16       26        4       0
                text77                             5EB0     5EB0       F8        4       0
                text76                             79F0     79F0       26        4       0
                text75                             4D0E     4D0E      252        4       0
                text74                             7706     7706       3C        4       0
                text73                             7BA2     7BA2        C        4       0
                text72                             7B96     7B96        C        4       0
                text71                             7B88     7B88        E        4       0
                text70                             7B7A     7B7A        E        4       0
                text69                             7B58     7B58       12        4       0
                text68                             7B46     7B46       12        4       0
                text67                             70A6     70A6       6A        4       0
                text66                             6E18     6E18       86        4       0
                text65                             717A     717A       68        4       0
                text64                             7028     7028       7E        4       0
                text63                             7742     7742       3A        4       0
                text62                             71E2     71E2       5E        4       0
                text61                             7536     7536       4A        4       0
                text60                             6528     6528       D0        4       0
                text59                             68CA     68CA       A4        4       0
                text58                             47F0     47F0      2B8        4       0
                text57                             5AE4     5AE4      17C        4       0
                text56                             77B6     77B6       38        4       0
                text55                             6C6C     6C6C       92        4       0
                text54                             7A9C     7A9C       1C        4       0
                text53                             7B32     7B32       14        4       0
                text52                             78BE     78BE       30        4       0
                text51                             7858     7858       34        4       0
                text50                             7B1E     7B1E       14        4       0
                text49                             6A10     6A10       A0        4       0
                text48                             73FA     73FA       54        4       0
                text47                             75C4     75C4       44        4       0
                text46                             79A0     79A0       28        4       0
                text45                             7A5E     7A5E       22        4       0
                text44                             1AE0     1AE0      82E        4       0
                text43                             74EC     74EC       4A        4       0
                text42                             794C     794C       2A        4       0
                text41                             7A80     7A80       1C        4       0
                text40                             7BEA     7BEA        8        4       0
                text39                             66C0     66C0       B0        4       0
                text38                             6FA6     6FA6       82        4       0
                text37                             76CA     76CA       3C        4       0
                text36                             644A     644A       DE        4       0
                text35                             791E     791E       2E        4       0
                text34                             6B46     6B46       94        4       0
                text33                             7A3C     7A3C       22        4       0
                text32                             299E     299E      682        4       0
                text31                             6AB0     6AB0       96        4       0
                text30                             764A     764A       42        4       0
                text29                             230E     230E      690        4       0
                text28                             609E     609E       F2        4       0
                text27                             3020     3020      476        4       0
                text26                             6D90     6D90       88        4       0
                text25                              2A0      2A0     1840        4       0
                text24                             7B6A     7B6A       10        4       0
                text23                             55F2     55F2      1B8        4       0
                text22                             3D0A     3D0A      3DC        4       0
                text21                             44B0     44B0      340        4       0
                text20                             38D8     38D8      432        4       0
                text19                             7B08     7B08       16        4       0
                text18                             7580     7580       44        4       0
                text17                             5C60     5C60      150        4       0
                text16                             7608     7608       42        4       0
                text15                             5958     5958      18C        4       0
                text14                             6364     6364       E6        4       0
                text13                             7BCC     7BCC        A        4       0
                text12                             7824     7824       34        4       0
                text11                             65F8     65F8       C8        4       0
                text10                             3496     3496      442        4       0
                text9                              7BC2     7BC2        A        4       0
                text8                              7BB8     7BB8        A        4       0
                text7                              73A6     73A6       54        4       0
                text6                              53D2     53D2      220        4       0
                text5                              51B2     51B2      220        4       0
                text4                              7AD4     7AD4       1A        4       0
                text3                              6BDA     6BDA       92        4       0
                text2                              6F24     6F24       82        4       0
                text1                              696E     696E       A2        4       0
                text0                              768C     768C       3E        4       0
                cstackCOMRAM                          1        1       2A        1       1
                cstackBANK0                          60       60       9F       60       1
                cstackBANK1                         1D5      1D5       19      100       1
                cstackBANK2                         2E6      2E6        9      200       1
                dataBANK5                           500      500      100      500       1
                bssBANK4                            400      400       86      400       1
                bssBANK3                            300      300       A0      300       1
                bssBANK2                            200      200       E6      200       1
                dataBANK1                           1EE      1EE        A      100       1
                bssBANK1                            100      100       D5      100       1
                bssBANK0                             FF       FF        1       60       1
                dataCOMRAM                           53       53        2        1       1
                bssCOMRAM                            2B       2B       28        1       1
                cinit                              6820     6820       AA        4       0
                idataBANK5                         5DB0     5DB0      100        4       0
                idataBANK1                         7BAE     7BAE        A        4       0
                idataCOMRAM                        7BF2     7BF2        2        4       0

TOTAL           Name                               Link     Load   Length     Space
        CLASS   STACK          

        CLASS   CODE           
                intcode                               8        8      294         0
                init                                29C      29C        4         0
                reset_vec                             0        0        6         0
                text107                            7BF4     7BF4        2         0
                text106                            7AEE     7AEE       1A         0
                text105                            7BE0     7BE0        A         0
                text104                            744E     744E       52         0
                text103                            7976     7976       2A         0
                text102                            79C8     79C8       28         0
                text100                            7AB8     7AB8       1C         0
                text99                             72F4     72F4       5A         0
                text98                             78EE     78EE       30         0
                text97                             74A0     74A0       4C         0
                text96                             7BD6     7BD6        A         0
                text95                             729A     729A       5A         0
                text94                             788C     788C       32         0
                text93                             4AA8     4AA8      266         0
                text92                             7110     7110       6A         0
                text91                             7240     7240       5A         0
                text90                             40E6     40E6      3CA         0
                text89                             4F60     4F60      252         0
                text88                             6190     6190       EC         0
                text87                             734E     734E       58         0
                text86                             6E9E     6E9E       86         0
                text85                             6770     6770       B0         0
                text84                             77EE     77EE       36         0
                text83                             777C     777C       3A         0
                text82                             57AA     57AA      1AE         0
                text81                             627C     627C       E8         0
                text80                             6CFE     6CFE       92         0
                text79                             5FA8     5FA8       F6         0
                text78                             7A16     7A16       26         0
                text77                             5EB0     5EB0       F8         0
                text76                             79F0     79F0       26         0
                text75                             4D0E     4D0E      252         0
                text74                             7706     7706       3C         0
                text73                             7BA2     7BA2        C         0
                text72                             7B96     7B96        C         0
                text71                             7B88     7B88        E         0
                text70                             7B7A     7B7A        E         0
                text69                             7B58     7B58       12         0
                text68                             7B46     7B46       12         0
                text67                             70A6     70A6       6A         0
                text66                             6E18     6E18       86         0
                text65                             717A     717A       68         0
                text64                             7028     7028       7E         0
                text63                             7742     7742       3A         0
                text62                             71E2     71E2       5E         0
                text61                             7536     7536       4A         0
                text60                             6528     6528       D0         0
                text59                             68CA     68CA       A4         0
                text58                             47F0     47F0      2B8         0
                text57                             5AE4     5AE4      17C         0
                text56                             77B6     77B6       38         0
                text55                             6C6C     6C6C       92         0
                text54                             7A9C     7A9C       1C         0
                text53                             7B32     7B32       14         0
                text52                             78BE     78BE       30         0
                text51                             7858     7858       34         0
                text50                             7B1E     7B1E       14         0
                text49                             6A10     6A10       A0         0
                text48                             73FA     73FA       54         0
                text47                             75C4     75C4       44         0
                text46                             79A0     79A0       28         0
                text45                             7A5E     7A5E       22         0
                text44                             1AE0     1AE0      82E         0
                text43                             74EC     74EC       4A         0
                text42                             794C     794C       2A         0
                text41                             7A80     7A80       1C         0
                text40                             7BEA     7BEA        8         0
                text39                             66C0     66C0       B0         0
                text38                             6FA6     6FA6       82         0
                text37                             76CA     76CA       3C         0
                text36                             644A     644A       DE         0
                text35                             791E     791E       2E         0
                text34                             6B46     6B46       94         0
                text33                             7A3C     7A3C       22         0
                text32                             299E     299E      682         0
                text31                             6AB0     6AB0       96         0
                text30                             764A     764A       42         0
                text29                             230E     230E      690         0
                text28                             609E     609E       F2         0
                text27                             3020     3020      476         0
                text26                             6D90     6D90       88         0
                text25                              2A0      2A0     1840         0
                text24                             7B6A     7B6A       10         0
                text23                             55F2     55F2      1B8         0
                text22                             3D0A     3D0A      3DC         0
                text21                             44B0     44B0      340         0
                text20                             38D8     38D8      432         0
                text19                             7B08     7B08       16         0
                text18                             7580     7580       44         0
                text17                             5C60     5C60      150         0
                text16                             7608     7608       42         0
                text15                             5958     5958      18C         0
                text14                             6364     6364       E6         0
                text13                             7BCC     7BCC        A         0
                text12                             7824     7824       34         0
                text11                             65F8     65F8       C8         0
                text10                             3496     3496      442         0
                text9                              7BC2     7BC2        A         0
                text8                              7BB8     7BB8        A         0
                text7                              73A6     73A6       54         0
                text6                              53D2     53D2      220         0
                text5                              51B2     51B2      220         0
                text4                              7AD4     7AD4       1A         0
                text3                              6BDA     6BDA       92         0
                text2                              6F24     6F24       82         0
                text1                              696E     696E       A2         0
                text0                              768C     768C       3E         0
                cinit                              6820     6820       AA         0
                idataBANK5                         5DB0     5DB0      100         0
                idataBANK1                         7BAE     7BAE        A         0
                idataCOMRAM                        7BF2     7BF2        2         0

        CLASS   CONST          

        CLASS   SMALLCONST     

        CLASS   MEDIUMCONST    
                mediumconst                        FBBE     FBBE      43A         0

        CLASS   COMRAM         
                temp                                 55       55        1         1
                cstackCOMRAM                          1        1       2A         1
                dataCOMRAM                           53       53        2         1
                bssCOMRAM                            2B       2B       28         1

        CLASS   ABS1           

        CLASS   BIGRAM         

        CLASS   RAM            

        CLASS   BANK0          
                cstackBANK0                          60       60       9F         1
                bssBANK0                             FF       FF        1         1

        CLASS   BANK1          
                cstackBANK1                         1D5      1D5       19         1
                dataBANK1                           1EE      1EE        A         1
                bssBANK1                            100      100       D5         1

        CLASS   BANK2          
                cstackBANK2                         2E6      2E6        9         1
                bssBANK2                            200      200       E6         1

        CLASS   BANK3          
                bssBANK3                            300      300       A0         1

        CLASS   BANK4          
                bssBANK4                            400      400       86         1

        CLASS   BANK5          
                dataBANK5                           500      500      100         1

        CLASS   BANK6          

        CLASS   BANK7          

        CLASS   BANK8          

        CLASS   BANK9          

        CLASS   BANK10         

        CLASS   BANK11         

        CLASS   BANK12         

        CLASS   BANK13         

        CLASS   BANK14         

        CLASS   SFR            

        CLASS   FARRAM         

        CLASS   CONFIG         
                config                             FFF8     FFF8        8         0

        CLASS   IDLOC          



SEGMENTS        Name                           Load    Length   Top    Selector   Space  Class

                reset_vec                      000000  000006  000006         0       0  CODE    
                cstackCOMRAM                   000001  000055  000056         1       1  COMRAM  
                intcode                        000008  007BEE  007BF6         4       0  CODE    
                cstackBANK0                    000060  0000A0  000100        60       1  BANK0   
                bssBANK1                       000100  0000F8  0001F8       100       1  BANK1   
                bssBANK2                       000200  0000EF  0002EF       200       1  BANK2   
                bssBANK3                       000300  0000A0  0003A0       300       1  BANK3   
                bssBANK4                       000400  000086  000486       400       1  BANK4   
                dataBANK5                      000500  000100  000600       500       1  BANK5   
                mediumconst                    00FBBE  00043A  00FFF8      7DDF       0  MEDIUMCO
                config                         00FFF8  000008  010000      FFF8       0  CONFIG  


UNUSED ADDRESS RANGES

        Name                Unused          Largest block    Delta
        BANK1            001F8-001FF               8
        BANK10           00A00-00AFF             100
        BANK11           00B00-00BFF             100
        BANK12           00C00-00CFF             100
        BANK13           00D00-00DFF             100
        BANK14           00E00-00EBF              C0
        BANK2            002EF-002FF              11
        BANK3            003A0-003FF              60
        BANK4            00486-004FF              7A
        BANK6            00600-006FF             100
        BANK7            00700-007FF             100
        BANK8            00800-008FF             100
        BANK9            00900-009FF             100
        BIGRAM           00056-0005F               A
                         001F8-001FF               8
                         002EF-002FF              11
                         003A0-003FF              60
                         00486-004FF              7A
                         00600-00EBF             8C0
        CODE             00006-00007               2
                         07BF6-0FBBD            7FC8
        COMRAM           00056-0005F               A
        CONST            00006-00007               2
                         07BF6-0FBBD            7FC8
        MEDIUMCONST      07BF6-0FBBD            7FC8
        RAM              001F8-001FF               8
                         002EF-002FF              11
                         003A0-003FF              60
                         00486-004FF              7A
                         00600-00EBF             100
        SFR              00EC0-00FFC              60
        SMALLCONST       07BF6-0FBBD             100
        STACK            00600-00EBF             8C0

                                  Symbol Table

?_MiWi_TickGet                            cstackBANK0   00060
?_Read_Voltage_Sensor                     cstackBANK0   00074
?___abtoft                                cstackBANK0   00068
?___awdiv                                 cstackBANK0   00060
?___awtoft                                cstackBANK0   00068
?___ftadd                                 cstackBANK0   0007F
?___ftdiv                                 cstackBANK0   0008B
?___ftmul                                 cstackBANK0   00070
?___ftneg                                 cstackBANK0   0006D
?___ftpack                                cstackBANK0   00060
?___fttol                                 cstackBANK0   0007C
?___lmul                                  cstackBANK0   00060
?___lwdiv                                 cstackBANK0   00060
?___lwmod                                 cstackBANK0   00067
?___lwtoft                                cstackBANK0   00068
?___wmul                                  cstackBANK0   00060
?_readHumidity                            cstackBANK0   0009B
?_readTemperatureC                        cstackBANK0   0008B
?_readTemperatureRaw                      cstackBANK0   00073
?_shiftIn                                 cstackBANK0   00060
?_shiftInCRC                              cstackBANK0   00068
?_sprintf                                 cstackBANK0   0006C
AddNodeToNetworkTable@handle              cstackBANK0   00069
AddNodeToNetworkTable@i                   cstackBANK0   00068
Board_Capteur_Loop@err                    cstackBANK0   000CF
Board_Capteur_Loop@humiditeSol            cstackBANK0   000CE
Board_Capteur_Loop@temperatureAir         cstackBANK0   000CC
Board_Capteur_Loop@temperatureSol         cstackBANK0   000CD
BroadcastJitter@jitter                    cstackBANK0   0007B
BroadcastJitter@range                     cstackBANK0   0007A
BroadcastJitter@t1                        cstackBANK0   00072
BroadcastJitter@t2                        cstackBANK0   00076
DELAY_10us@cyclesRequiredForEntireDelay   cstackBANK0   00070
DELAY_10us@tenMicroSecondCounter          cstackBANK0   0006C
DELAY_ms@cyclesRequiredForEntireDelay     cstackBANK0   0006E
DELAY_ms@ms                               cstackBANK0   0006C
EEPROMRead@addr                           cstackBANK0   00064
EEPROMRead@count                          cstackBANK0   00065
EEPROMRead@dest                           cstackBANK0   00062
InitMRF24J40@_dcnt                        cstackBANK0   0006B
InitMRF24J40@_dcnt_2166                   cstackBANK0   0006F
InitMRF24J40@_ms                          cstackBANK0   00073
InitMRF24J40@_ms_2167                     cstackBANK0   00077
InitMRF24J40@i                            cstackBANK0   0007D
InitMRF24J40@j                            cstackBANK0   0007B
LCD_Display@delay                         cstackBANK0   00094
LCD_Display@i                             cstackBANK0   00095
LCD_Display@text                          cstackBANK0   00091
LCD_Display@value                         cstackBANK0   00093
LCD_Update@i                              cstackBANK0   00063
LCD_WriteCmd@data                         cstackBANK0   00062
LCD_WriteData@data                        cstackBANK0   00062
MiApp_BroadcastPacket@SecEn               cstackBANK0   0009D
MiApp_BroadcastPacket@i                   cstackBANK0   0009E
MiApp_ConnectionMode@Mode                 cstackBANK0   00061
MiApp_EstablishConnection@ActiveScanIndex cstackBANK1   001E7
MiApp_EstablishConnection@Mode            cstackBANK0   000FC
MiApp_EstablishConnection@i               cstackBANK1   001E6
MiApp_EstablishConnection@retry           cstackBANK1   001E5
MiApp_EstablishConnection@t1              cstackBANK1   001DD
MiApp_EstablishConnection@t2              cstackBANK1   001E1
MiApp_NoiseDetection@ChannelMap           cstackBANK0   0006B
MiApp_NoiseDetection@DetectionMode        cstackBANK0   00070
MiApp_NoiseDetection@OptimalChannel       cstackBANK0   0008C
MiApp_NoiseDetection@RSSIValue            cstackBANK0   00071
MiApp_NoiseDetection@RSSIcheck            cstackBANK0   0008F
MiApp_NoiseDetection@ScanDuration         cstackBANK0   0006F
MiApp_NoiseDetection@channelMask          cstackBANK0   00080
MiApp_NoiseDetection@i                    cstackBANK0   00091
MiApp_NoiseDetection@j                    cstackBANK0   0008D
MiApp_NoiseDetection@k                    cstackBANK0   0008E
MiApp_NoiseDetection@maxRSSI              cstackBANK0   00092
MiApp_NoiseDetection@minRSSI              cstackBANK0   00090
MiApp_NoiseDetection@t1                   cstackBANK0   00084
MiApp_NoiseDetection@t2                   cstackBANK0   00088
MiApp_ProtocolInit@MIP                    cstackBANK0   00084
MiApp_ProtocolInit@bNetworkFreezer        cstackBANK0   00083
MiApp_ProtocolInit@i                      cstackBANK0   00087
MiApp_SearchConnection@ChannelMap         cstackBANK0   000DA
MiApp_SearchConnection@ScanDuration       cstackBANK0   000F7
MiApp_SearchConnection@backupChannel      cstackBANK0   000F8
MiApp_SearchConnection@channelMask        cstackBANK0   000EB
MiApp_SearchConnection@i                  cstackBANK0   000F9
MiApp_SearchConnection@t1                 cstackBANK0   000EF
MiApp_SearchConnection@t2                 cstackBANK0   000F3
MiApp_SetChannel@channel                  cstackBANK0   0006A
MiApp_StartConnection@ChannelMap          cstackBANK0   00094
MiApp_StartConnection@Mode                cstackBANK0   00099
MiApp_StartConnection@RSSIValue           cstackBANK0   0009B
MiApp_StartConnection@ScanDuration        cstackBANK0   00093
MiApp_StartConnection@channel             cstackBANK0   0009A
MiApp_UnicastAddress@DestAddress          cstackBANK0   000DA
MiApp_UnicastAddress@MiWiFrameControl     cstackBANK0   000F6
MiApp_UnicastAddress@PermanentAddr        cstackBANK0   000DC
MiApp_UnicastAddress@SecEn                cstackBANK0   000DD
MiApp_UnicastAddress@handle               cstackBANK0   000F8
MiApp_UnicastAddress@i                    cstackBANK0   000F7
MiApp_UnicastAddress@t1                   cstackBANK0   000E6
MiApp_UnicastAddress@t1_3257              cstackBANK0   000EE
MiApp_UnicastAddress@t2                   cstackBANK0   000EA
MiApp_UnicastAddress@t2_3268              cstackBANK0   000F2
MiMAC_ChannelAssessment@RSSIcheck         cstackBANK0   00068
MiMAC_Init@i                              cstackBANK0   00081
MiMAC_Init@initValue                      cstackBANK0   0007E
MiMAC_ReceivedPacket@addrMode             cstackBANK0   00066
MiMAC_ReceivedPacket@bIntraPAN            cstackBANK0   00068
MiMAC_ReceivedPacket@i                    cstackBANK0   00067
MiMAC_SendPacket@IntraPAN                 cstackBANK0   00098
MiMAC_SendPacket@MACPayload               cstackBANK0   00085
MiMAC_SendPacket@MACPayloadLen            cstackBANK0   00087
MiMAC_SendPacket@frameControl             cstackBANK0   00099
MiMAC_SendPacket@headerLength             cstackBANK0   0009A
MiMAC_SendPacket@i                        cstackBANK0   0009B
MiMAC_SendPacket@loc                      cstackBANK0   0009C
MiMAC_SendPacket@t1                       cstackBANK0   00090
MiMAC_SendPacket@t2                       cstackBANK0   00094
MiMAC_SendPacket@transParam               cstackBANK0   0007E
MiMAC_SetAltAddress@Address               cstackBANK0   00065
MiMAC_SetAltAddress@PANID                 cstackBANK0   00067
MiMAC_SetChannel@channel                  cstackBANK0   00069
MiMAC_SetChannel@offsetFreq               cstackBANK0   00068
MiWiTasks@CapacityByte                    cstackBANK0   000CA
MiWiTasks@CoordAddress                    cstackBANK0   000BD
MiWiTasks@associateStatus                 cstackBANK0   000C1
MiWiTasks@cIndex                          cstackBANK0   000C9
MiWiTasks@coordinatorNumber               cstackBANK0   000C2
MiWiTasks@destPANID                       cstackBANK0   000CC
MiWiTasks@destShortAddress                cstackBANK0   000D0
MiWiTasks@entry                           cstackBANK0   000C0
MiWiTasks@handle                          cstackBANK0   000D5
MiWiTasks@i                               cstackBANK0   000D9
MiWiTasks@j                               cstackBANK0   000D8
MiWiTasks@j_2903                          cstackBANK0   000D4
MiWiTasks@j_2947                          cstackBANK0   000CE
MiWiTasks@j_2958                          cstackBANK0   000C3
MiWiTasks@j_2995                          cstackBANK0   000CF
MiWiTasks@mask                            cstackBANK0   000BF
MiWiTasks@rxIndex                         cstackBANK0   000CB
MiWiTasks@sourcePANID                     cstackBANK0   000D2
MiWiTasks@sourceShortAddress              cstackBANK0   000D6
MiWiTasks@t1                              cstackBANK0   000C5
MiWiTasks@t2                              cstackBANK0   000B9
MiWi_TickGet@currentTime                  cstackBANK0   00066
MiWi_TickGet@failureCounter               cstackBANK0   00065
Network@CoordCount                        cstackBANK2   002E9
Network@DEVICEMODE                        cstackBANK0   000FD
Network@Status                            cstackBANK2   002E8
Network@count                             cstackBANK2   002E7
Network@j                                 cstackBANK2   002ED
Network@k                                 cstackBANK2   002EC
Network@nodeIndex                         cstackBANK2   002E6
Network@result                            cstackBANK2   002EB
Network@scanresult                        cstackBANK2   002EE
Network@skip_print                        cstackBANK2   002EA
OpenSocket@i                              cstackBANK0   000FB
PHYGetLongRAMAddr@address                 cstackBANK0   00062
PHYGetLongRAMAddr@tmpRFIE                 cstackBANK0   00067
PHYGetLongRAMAddr@toReturn                cstackBANK0   00066
PHYGetShortRAMAddr@address                cstackBANK0   00062
PHYGetShortRAMAddr@tmpRFIE                cstackBANK0   00064
PHYGetShortRAMAddr@toReturn               cstackBANK0   00063
PHYSetLongRAMAddr@address                 cstackBANK0   00062
PHYSetLongRAMAddr@tmpRFIE                 cstackBANK0   00067
PHYSetLongRAMAddr@value                   cstackBANK0   00064
PHYSetShortRAMAddr@address                cstackBANK0   00063
PHYSetShortRAMAddr@tmpRFIE                cstackBANK0   00064
PHYSetShortRAMAddr@value                  cstackBANK0   00062
Pan@rssi                                  cstackBANK0   000DD
Pan@status                                cstackBANK0   000DB
Power_off@_dcnt                           cstackBANK0   00068
Power_off@_dcnt_777                       cstackBANK0   0006C
Power_off@_dcnt_779                       cstackBANK0   00070
Power_off@_ms                             cstackBANK0   00074
Power_off@_ms_778                         cstackBANK0   00078
Power_off@_ms_780                         cstackBANK0   0007C
Power_on@_dcnt                            cstackBANK0   00068
Power_on@_dcnt_784                        cstackBANK0   0006C
Power_on@_dcnt_786                        cstackBANK0   00070
Power_on@_ms                              cstackBANK0   00074
Power_on@_ms_785                          cstackBANK0   00078
Power_on@_ms_787                          cstackBANK0   0007C
ReadTemperatureSensor@ADC_READING         cstackBANK0   0009A
ReadTemperatureSensor@i                   cstackBANK0   000A9
ReadTemperatureSensor@temp                cstackBANK0   000A2
ReadTemperatureSensor@tempArray           cstackBANK0   0009C
ReadTemperatureSensor@tempAverage         cstackBANK0   000A6
ReadTemperatureSensor@tempHere            cstackBANK0   000A5
ReadTemperatureSensor@tempValue           cstackBANK0   000A0
Read_MAC_Address@i                        cstackBANK0   00068
RouteMessage@PANID                        cstackBANK0   000A5
RouteMessage@SecEn                        cstackBANK0   000A9
RouteMessage@ShortAddress                 cstackBANK0   000A7
RouteMessage@i                            cstackBANK0   000AE
RouteMessage@parentNode                   cstackBANK0   000AD
SPIPut2@i                                 cstackBANK0   00060
SPIPut2@v                                 cstackBANK0   00061
SPIPut@i                                  cstackBANK0   00060
SPIPut@v                                  cstackBANK0   00061
SaveIndirectMessage@Broadcast             cstackBANK0   00072
SaveIndirectMessage@DestinationAddress    cstackBANK0   0006C
SaveIndirectMessage@DestinationPANID      cstackBANK0   0006A
SaveIndirectMessage@SecurityEnabled       cstackBANK0   0006F
SaveIndirectMessage@i                     cstackBANK0   00074
SaveIndirectMessage@isAltAddress          cstackBANK0   0006E
SaveIndirectMessage@j                     cstackBANK0   00073
SearchForLongAddress@i                    cstackBANK0   00065
SearchForLongAddress@j                    cstackBANK0   00064
SearchForShortAddress@i                   cstackBANK0   00062
SendBeacon@i                              cstackBANK0   000A4
SendIndirectPacket@Address                cstackBANK0   000A4
SendIndirectPacket@AltAddress             cstackBANK0   000A6
SendIndirectPacket@i                      cstackBANK0   000AE
SendIndirectPacket@index                  cstackBANK0   000AD
SendIndirectPacket@isAltAddress           cstackBANK0   000A8
SendIndirectPacket@j                      cstackBANK0   000AC
SendIndirectPacket@packetType             cstackBANK0   000AB
SendMACPacket@Address                     cstackBANK0   0009F
SendMACPacket@ModeMask                    cstackBANK0   000A2
SendMACPacket@PANID                       cstackBANK0   0009D
SendMACPacket@PacketType                  cstackBANK0   000A1
UnicastShortAddress@DestAddress           cstackBANK0   000AF
_ADCON0                                   (abs)         00FC2
_ADCON0bits                               (abs)         00FC2
_ADCON1                                   (abs)         00FC1
_ADRES                                    (abs)         00FC3
_ANCON0                                   (abs)         00F48
_ANCON1                                   (abs)         00F49
_ANCON1bits                               (abs)         00F49
_AcknowledgementAddr                      bssBANK1      0014D
_AcknowledgementSeq                       dataBANK1     001EE
_ActiveScanResultIndex                    bssCOMRAM     00043
_ActiveScanResults                        bssBANK2      00200
_AddNodeToNetworkTable                    text36        0644A
_AdditionalNodeID                         bssCOMRAM     00045
_BAUDCON2                                 (abs)         00F7C
_BankIndex                                dataCOMRAM    00054
_Board_Capteur_Loop                       text57        05AE4
_Board_Capteur_Loop$6036                  cstackBANK0   000C6
_Board_Capteur_Loop$6037                  cstackBANK0   000C9
_BroadcastJitter                          text34        06B46
_BroadcastRecords                         bssBANK1      00100
_BuzzerStatus                             bssBANK1      00159
_ConnMode                                 bssCOMRAM     00044
_ConnectionEntry                          bssBANK1      0015D
_ConnectionTable                          bssBANK2      0025A
_CurrentNodeIndex                         bssCOMRAM     00048
_DELAY_10us                               text86        06E9E
_DELAY_ms                                 text55        06C6C
_EECON2                                   (abs)         00FA7
_EEPROMRead                               text12        07824
_EEPROM_Val                               bssBANK1      001CD
_EUSART2_Initialize                       text56        077B6
_IEEESeqNum                               bssBANK1      00158
_INTCON2bits                              (abs)         00FF1
_INTCONbits                               (abs)         00FF2
_InitMRF24J40                             text93        04AA8
_InitSymbolTimer                          text19        07B08
_LATAbits                                 (abs)         00F89
_LATBbits                                 (abs)         00F8A
_LATCbits                                 (abs)         00F8B
_LATDbits                                 (abs)         00F8C
_LATEbits                                 (abs)         00F8D
_LCDText                                  bssBANK1      00191
_LCD_Display                              text43        074EC
_LCD_Erase                                text51        07858
_LCD_Initialize                           text2         06F24
_LCD_Update                               text49        06A10
_LCD_WriteCmd                             text53        07B32
_LCD_WriteData                            text50        07B1E
_MACCurrentChannel                        bssBANK1      00157
_MACInitParams                            bssBANK1      0014A
_MACRxPacket                              bssCOMRAM     0002B
_MAC_PANID                                bssCOMRAM     0004E
_MRF24J40Status                           bssCOMRAM     00046
_MTP                                      bssCOMRAM     00036
_MiApp_BroadcastPacket                    text88        06190
_MiApp_ConnectionMode                     text42        0794C
_MiApp_DiscardMessage                     text40        07BEA
_MiApp_EstablishConnection                text20        038D8
_MiApp_MessageAvailable                   text24        07B6A
_MiApp_NoiseDetection                     text15        05958
_MiApp_ProtocolInit                       text17        05C60
_MiApp_SearchConnection                   text23        055F2
_MiApp_SetChannel                         text33        07A3C
_MiApp_StartConnection                    text14        06364
_MiApp_UnicastAddress                     text22        03D0A
_MiMAC_ChannelAssessment                  text16        07608
_MiMAC_DiscardPacket                      text41        07A80
_MiMAC_Init                               text18        07580
_MiMAC_ReceivedPacket                     text32        0299E
_MiMAC_SendPacket                         text90        040E6
_MiMAC_SetAltAddress                      text92        07110
_MiMAC_SetChannel                         text97        074A0
_MiWiAckRequired                          bssBANK1      00154
_MiWiCapacityInfo                         bssBANK1      00155
_MiWiSeqNum                               bssCOMRAM     00040
_MiWiStateMachine                         bssCOMRAM     0003D
_MiWiTasks                                text25        002A0
_MiWi_TickGet                             text91        07240
_Network                                  text10        03496
_NodeTemp                                 bssBANK2      0023C
_OSCCON                                   (abs)         00FD3
_OSCTUNEbits                              (abs)         00F9B
_OpenSocket                               text21        044B0
_PHYGetLongRAMAddr                        text95        0729A
_PHYGetShortRAMAddr                       text94        0788C
_PHYSetLongRAMAddr                        text99        072F4
_PHYSetShortRAMAddr                       text98        078EE
_PIE1bits                                 (abs)         00F9D
_PIR1bits                                 (abs)         00F9E
_PIR3bits                                 (abs)         00FA4
_PORTAbits                                (abs)         00F80
_PORTBbits                                (abs)         00F81
_PPSCON                                   (abs)         00EFF
_PPSCONbits                               (abs)         00EFF
_Pan                                      text3         06BDA
_Power_off                                text6         053D2
_Power_on                                 text5         051B2
_RCONbits                                 (abs)         00FD0
_RCREG2                                   (abs)         00FAA
_RCSTA2                                   (abs)         00F9C
_RCSTA2bits                               (abs)         00F9C
_RPINR1                                   (abs)         00EE7
_RPINR21                                  (abs)         00EFB
_RPOR19                                   (abs)         00ED9
_RPOR21                                   (abs)         00EDB
_RPOR24                                   (abs)         00EDE
_ReadTemperatureSensor                    text75        04D0E
_Read_MAC_Address                         text11        065F8
_Read_Voltage_Sensor                      text74        07706
_RouteMessage                             text27        03020
_RouterFailures                           bssBANK1      0012A
_RoutingTable                             bssBANK1      00132
_RxBuffer                                 bssBANK3      00300
_SPBRG2                                   (abs)         00FAB
_SPBRGH2                                  (abs)         00F7D
_SPIGet                                   text96        07BD6
_SPIGet2                                  text13        07BCC
_SPIPut                                   text100       07AB8
_SPIPut2                                  text54        07A9C
_SSP1BUF                                  (abs)         00FC9
_SSP1CON1                                 (abs)         00FC6
_SSP1CON1bits                             (abs)         00FC6
_SSP1STAT                                 (abs)         00FC7
_SSP2BUF                                  (abs)         00F75
_SSP2CON1                                 (abs)         00F72
_SSP2CON1bits                             (abs)         00F72
_SSP2STAT                                 (abs)         00F73
_SST_Val                                  bssBANK1      001D4
_SYSTEM_Initialize                        text1         0696E
_SaveIndirectMessage                      text89        04F60
_ScanTime                                 mediumconst   0FBBF
_SearchForLongAddress                     text39        066C0
_SearchForShortAddress                    text38        06FA6
_SendBeacon                               text28        0609E
_SendIndirectPacket                       text29        0230E
_SendMACPacket                            text31        06AB0
_T1CON                                    (abs)         00FCD
_T1CONbits                                (abs)         00FCD
_T1RUN                                    (abs)         07A94
_T3CON                                    (abs)         00F79
_TMR0L                                    (abs)         00FD6
_TMR1H                                    (abs)         00FCF
_TMR1L                                    (abs)         00FCE
_TMR3                                     (abs)         00F7A
_TMR3IE                                   (abs)         07D01
_TMR3IF                                   (abs)         07D09
_TMR3IP                                   (abs)         07D11
_TRISAbits                                (abs)         00F92
_TRISB                                    (abs)         00F93
_TRISBbits                                (abs)         00F93
_TRISCbits                                (abs)         00F94
_TRISDbits                                (abs)         00F95
_TRISEbits                                (abs)         00F96
_TXREG2                                   (abs)         00FA9
_TXSTA2                                   (abs)         00FA8
_TXSTA2bits                               (abs)         00FA8
_TxBuffer                                 bssBANK1      0015E
_TxData                                   bssBANK0      000FF
_UnicastShortAddress                      text26        06D90
_UserInterruptHandler                     text107       07BF4
_WDTCONbits                               (abs)         00FC0
__CFG_CPUDIV$OSC3_PLL3                    (abs)         00000
__CFG_OSC$INTOSCPLL                       (abs)         00000
__CFG_PLLDIV$2                            (abs)         00000
__CFG_WDTEN$OFF                           (abs)         00000
__CFG_WDTPS$2048                          (abs)         00000
__CFG_XINST$OFF                           (abs)         00000
__HRAM                                    (abs)         00000
__Habs1                                   abs1          00000
__Hbank0                                  bank0         00000
__Hbank1                                  bank1         00000
__Hbank10                                 bank10        00000
__Hbank11                                 bank11        00000
__Hbank12                                 bank12        00000
__Hbank13                                 bank13        00000
__Hbank14                                 bank14        00000
__Hbank2                                  bank2         00000
__Hbank3                                  bank3         00000
__Hbank4                                  bank4         00000
__Hbank5                                  bank5         00000
__Hbank6                                  bank6         00000
__Hbank7                                  bank7         00000
__Hbank8                                  bank8         00000
__Hbank9                                  bank9         00000
__Hbigbss                                 bigbss        00000
__Hbigdata                                bigdata       00000
__Hbigram                                 bigram        00000
__Hbss                                    bss           00000
__HbssBANK0                               bssBANK0      00000
__HbssBANK1                               bssBANK1      00000
__HbssBANK2                               bssBANK2      00000
__HbssBANK3                               bssBANK3      00000
__HbssBANK4                               bssBANK4      00000
__HbssCOMRAM                              bssCOMRAM     00000
__Hcinit                                  cinit         00000
__Hclrtext                                clrtext       00000
__Hcomram                                 comram        00000
__Hconfig                                 config        10000
__Hconst                                  const         00000
__HcstackBANK0                            cstackBANK0   00000
__HcstackBANK1                            cstackBANK1   00000
__HcstackBANK2                            cstackBANK2   00000
__HcstackCOMRAM                           cstackCOMRAM  00000
__Hdata                                   data          00000
__HdataBANK1                              dataBANK1     00000
__HdataBANK5                              dataBANK5     00000
__HdataCOMRAM                             dataCOMRAM    00000
__Hfarbss                                 farbss        00000
__Hfardata                                fardata       00000
__Hibigdata                               ibigdata      00000
__Hidata                                  idata         00000
__HidataBANK1                             idataBANK1    00000
__HidataBANK5                             idataBANK5    00000
__HidataCOMRAM                            idataCOMRAM   00000
__Hidloc                                  idloc         00000
__Hifardata                               ifardata      00000
__Hinit                                   init          002A0
__Hintcode                                intcode       0029C
__Hintcode_body                           intcode_body  00000
__Hintcodelo                              intcodelo     0029C
__Hintentry                               intentry      00000
__Hintret                                 intret        00000
__Hintsave_regs                           intsave_regs  00000
__Hirdata                                 irdata        00000
__Hjflash_buffer                          jflash_buffer 0F800
__Hmediumconst                            mediumconst   0FFF8
__HnvFARRAM                               nvFARRAM      00000
__Hnvbit                                  nvbit         00000
__Hnvrram                                 nvrram        00000
__Hparam                                  rparam        00000
__Hpowerup                                powerup       0029C
__Hram                                    ram           00000
__Hramtop                                 ramtop        00F00
__Hrbit                                   rbit          00000
__Hrbss                                   rbss          00000
__Hrdata                                  rdata         00000
__Hreset_vec                              reset_vec     00006
__Hrparam                                 rparam        00000
__Hsfr                                    sfr           00000
__Hsmallconst                             smallconst    00000
__Hspace_0                                (abs)         10000
__Hspace_1                                (abs)         00600
__Hspace_2                                (abs)         00000
__Hstack                                  stack         00000
__Hstruct                                 struct        00000
__Htemp                                   temp          00056
__Htext                                   text          00000
__Htext0                                  text0         00000
__Htext1                                  text1         00000
__Htext10                                 text10        00000
__Htext100                                text100       00000
__Htext102                                text102       00000
__Htext103                                text103       00000
__Htext104                                text104       00000
__Htext105                                text105       00000
__Htext106                                text106       00000
__Htext107                                text107       00000
__Htext11                                 text11        00000
__Htext12                                 text12        00000
__Htext13                                 text13        00000
__Htext14                                 text14        00000
__Htext15                                 text15        00000
__Htext16                                 text16        00000
__Htext17                                 text17        00000
__Htext18                                 text18        00000
__Htext19                                 text19        00000
__Htext2                                  text2         00000
__Htext20                                 text20        00000
__Htext21                                 text21        00000
__Htext22                                 text22        00000
__Htext23                                 text23        00000
__Htext24                                 text24        00000
__Htext25                                 text25        00000
__Htext26                                 text26        00000
__Htext27                                 text27        00000
__Htext28                                 text28        00000
__Htext29                                 text29        00000
__Htext3                                  text3         00000
__Htext30                                 text30        00000
__Htext31                                 text31        00000
__Htext32                                 text32        00000
__Htext33                                 text33        00000
__Htext34                                 text34        00000
__Htext35                                 text35        00000
__Htext36                                 text36        00000
__Htext37                                 text37        00000
__Htext38                                 text38        00000
__Htext39                                 text39        00000
__Htext4                                  text4         00000
__Htext40                                 text40        00000
__Htext41                                 text41        00000
__Htext42                                 text42        00000
__Htext43                                 text43        00000
__Htext44                                 text44        00000
__Htext45                                 text45        00000
__Htext46                                 text46        00000
__Htext47                                 text47        00000
__Htext48                                 text48        00000
__Htext49                                 text49        00000
__Htext5                                  text5         00000
__Htext50                                 text50        00000
__Htext51                                 text51        00000
__Htext52                                 text52        00000
__Htext53                                 text53        00000
__Htext54                                 text54        00000
__Htext55                                 text55        00000
__Htext56                                 text56        00000
__Htext57                                 text57        00000
__Htext58                                 text58        00000
__Htext59                                 text59        00000
__Htext6                                  text6         00000
__Htext60                                 text60        00000
__Htext61                                 text61        00000
__Htext62                                 text62        00000
__Htext63                                 text63        00000
__Htext64                                 text64        00000
__Htext65                                 text65        00000
__Htext66                                 text66        00000
__Htext67                                 text67        00000
__Htext68                                 text68        00000
__Htext69                                 text69        00000
__Htext7                                  text7         00000
__Htext70                                 text70        00000
__Htext71                                 text71        00000
__Htext72                                 text72        00000
__Htext73                                 text73        00000
__Htext74                                 text74        00000
__Htext75                                 text75        00000
__Htext76                                 text76        00000
__Htext77                                 text77        00000
__Htext78                                 text78        00000
__Htext79                                 text79        00000
__Htext8                                  text8         00000
__Htext80                                 text80        00000
__Htext81                                 text81        00000
__Htext82                                 text82        00000
__Htext83                                 text83        00000
__Htext84                                 text84        00000
__Htext85                                 text85        00000
__Htext86                                 text86        00000
__Htext87                                 text87        00000
__Htext88                                 text88        00000
__Htext89                                 text89        00000
__Htext9                                  text9         00000
__Htext90                                 text90        00000
__Htext91                                 text91        00000
__Htext92                                 text92        00000
__Htext93                                 text93        00000
__Htext94                                 text94        00000
__Htext95                                 text95        00000
__Htext96                                 text96        00000
__Htext97                                 text97        00000
__Htext98                                 text98        00000
__Htext99                                 text99        00000
__LRAM                                    (abs)         00001
__Labs1                                   abs1          00000
__Lbank0                                  bank0         00000
__Lbank1                                  bank1         00000
__Lbank10                                 bank10        00000
__Lbank11                                 bank11        00000
__Lbank12                                 bank12        00000
__Lbank13                                 bank13        00000
__Lbank14                                 bank14        00000
__Lbank2                                  bank2         00000
__Lbank3                                  bank3         00000
__Lbank4                                  bank4         00000
__Lbank5                                  bank5         00000
__Lbank6                                  bank6         00000
__Lbank7                                  bank7         00000
__Lbank8                                  bank8         00000
__Lbank9                                  bank9         00000
__Lbigbss                                 bigbss        00000
__Lbigdata                                bigdata       00000
__Lbigram                                 bigram        00000
__Lbss                                    bss           00000
__LbssBANK0                               bssBANK0      00000
__LbssBANK1                               bssBANK1      00000
__LbssBANK2                               bssBANK2      00000
__LbssBANK3                               bssBANK3      00000
__LbssBANK4                               bssBANK4      00000
__LbssCOMRAM                              bssCOMRAM     00000
__Lcinit                                  cinit         00000
__Lclrtext                                clrtext       00000
__Lcomram                                 comram        00000
__Lconfig                                 config        0FFF8
__Lconst                                  const         00000
__LcstackBANK0                            cstackBANK0   00000
__LcstackBANK1                            cstackBANK1   00000
__LcstackBANK2                            cstackBANK2   00000
__LcstackCOMRAM                           cstackCOMRAM  00000
__Ldata                                   data          00000
__LdataBANK1                              dataBANK1     00000
__LdataBANK5                              dataBANK5     00000
__LdataCOMRAM                             dataCOMRAM    00000
__Lfarbss                                 farbss        00000
__Lfardata                                fardata       00000
__Libigdata                               ibigdata      00000
__Lidata                                  idata         00000
__LidataBANK1                             idataBANK1    00000
__LidataBANK5                             idataBANK5    00000
__LidataCOMRAM                            idataCOMRAM   00000
__Lidloc                                  idloc         00000
__Lifardata                               ifardata      00000
__Linit                                   init          0029C
__Lintcode                                intcode       00008
__Lintcode_body                           intcode_body  00000
__Lintcodelo                              intcodelo     0029C
__Lintentry                               intentry      00000
__Lintret                                 intret        00000
__Lintsave_regs                           intsave_regs  00000
__Lirdata                                 irdata        00000
__Ljflash_buffer                          jflash_buffer 0F800
__Lmediumconst                            mediumconst   0FBBE
__LnvFARRAM                               nvFARRAM      00000
__Lnvbit                                  nvbit         00000
__Lnvrram                                 nvrram        00000
__Lparam                                  rparam        00000
__Lpowerup                                powerup       0029C
__Lram                                    ram           00000
__Lramtop                                 ramtop        00F00
__Lrbit                                   rbit          00000
__Lrbss                                   rbss          00000
__Lrdata                                  rdata         00000
__Lreset_vec                              reset_vec     00000
__Lrparam                                 rparam        00000
__Lsfr                                    sfr           00000
__Lsmallconst                             smallconst    00000
__Lspace_0                                (abs)         00000
__Lspace_1                                (abs)         00000
__Lspace_2                                (abs)         00000
__Lstack                                  stack         00000
__Lstruct                                 struct        00000
__Ltemp                                   temp          00055
__Ltext                                   text          00000
__Ltext0                                  text0         00000
__Ltext1                                  text1         00000
__Ltext10                                 text10        00000
__Ltext100                                text100       00000
__Ltext102                                text102       00000
__Ltext103                                text103       00000
__Ltext104                                text104       00000
__Ltext105                                text105       00000
__Ltext106                                text106       00000
__Ltext107                                text107       00000
__Ltext11                                 text11        00000
__Ltext12                                 text12        00000
__Ltext13                                 text13        00000
__Ltext14                                 text14        00000
__Ltext15                                 text15        00000
__Ltext16                                 text16        00000
__Ltext17                                 text17        00000
__Ltext18                                 text18        00000
__Ltext19                                 text19        00000
__Ltext2                                  text2         00000
__Ltext20                                 text20        00000
__Ltext21                                 text21        00000
__Ltext22                                 text22        00000
__Ltext23                                 text23        00000
__Ltext24                                 text24        00000
__Ltext25                                 text25        00000
__Ltext26                                 text26        00000
__Ltext27                                 text27        00000
__Ltext28                                 text28        00000
__Ltext29                                 text29        00000
__Ltext3                                  text3         00000
__Ltext30                                 text30        00000
__Ltext31                                 text31        00000
__Ltext32                                 text32        00000
__Ltext33                                 text33        00000
__Ltext34                                 text34        00000
__Ltext35                                 text35        00000
__Ltext36                                 text36        00000
__Ltext37                                 text37        00000
__Ltext38                                 text38        00000
__Ltext39                                 text39        00000
__Ltext4                                  text4         00000
__Ltext40                                 text40        00000
__Ltext41                                 text41        00000
__Ltext42                                 text42        00000
__Ltext43                                 text43        00000
__Ltext44                                 text44        00000
__Ltext45                                 text45        00000
__Ltext46                                 text46        00000
__Ltext47                                 text47        00000
__Ltext48                                 text48        00000
__Ltext49                                 text49        00000
__Ltext5                                  text5         00000
__Ltext50                                 text50        00000
__Ltext51                                 text51        00000
__Ltext52                                 text52        00000
__Ltext53                                 text53        00000
__Ltext54                                 text54        00000
__Ltext55                                 text55        00000
__Ltext56                                 text56        00000
__Ltext57                                 text57        00000
__Ltext58                                 text58        00000
__Ltext59                                 text59        00000
__Ltext6                                  text6         00000
__Ltext60                                 text60        00000
__Ltext61                                 text61        00000
__Ltext62                                 text62        00000
__Ltext63                                 text63        00000
__Ltext64                                 text64        00000
__Ltext65                                 text65        00000
__Ltext66                                 text66        00000
__Ltext67                                 text67        00000
__Ltext68                                 text68        00000
__Ltext69                                 text69        00000
__Ltext7                                  text7         00000
__Ltext70                                 text70        00000
__Ltext71                                 text71        00000
__Ltext72                                 text72        00000
__Ltext73                                 text73        00000
__Ltext74                                 text74        00000
__Ltext75                                 text75        00000
__Ltext76                                 text76        00000
__Ltext77                                 text77        00000
__Ltext78                                 text78        00000
__Ltext79                                 text79        00000
__Ltext8                                  text8         00000
__Ltext80                                 text80        00000
__Ltext81                                 text81        00000
__Ltext82                                 text82        00000
__Ltext83                                 text83        00000
__Ltext84                                 text84        00000
__Ltext85                                 text85        00000
__Ltext86                                 text86        00000
__Ltext87                                 text87        00000
__Ltext88                                 text88        00000
__Ltext89                                 text89        00000
__Ltext9                                  text9         00000
__Ltext90                                 text90        00000
__Ltext91                                 text91        00000
__Ltext92                                 text92        00000
__Ltext93                                 text93        00000
__Ltext94                                 text94        00000
__Ltext95                                 text95        00000
__Ltext96                                 text96        00000
__Ltext97                                 text97        00000
__Ltext98                                 text98        00000
__Ltext99                                 text99        00000
__S0                                      (abs)         10000
__S1                                      (abs)         00600
__S2                                      (abs)         00000
___abtoft                                 text84        077EE
___abtoft@c                               cstackBANK0   0006C
___abtoft@sign                            cstackBANK0   0006B
___awdiv                                  text66        06E18
___awdiv@counter                          cstackBANK0   00064
___awdiv@dividend                         cstackBANK0   00060
___awdiv@divisor                          cstackBANK0   00062
___awdiv@quotient                         cstackBANK0   00066
___awdiv@sign                             cstackBANK0   00065
___awtoft                                 text83        0777C
___awtoft@c                               cstackBANK0   00068
___awtoft@sign                            cstackBANK0   0006B
___ftadd                                  text82        057AA
___ftadd@exp1                             cstackBANK0   0008A
___ftadd@exp2                             cstackBANK0   00089
___ftadd@f1                               cstackBANK0   0007F
___ftadd@f2                               cstackBANK0   00082
___ftadd@sign                             cstackBANK0   00088
___ftdiv                                  text81        0627C
___ftdiv@cntr                             cstackBANK0   00094
___ftdiv@exp                              cstackBANK0   00098
___ftdiv@f1                               cstackBANK0   0008B
___ftdiv@f2                               cstackBANK0   0008E
___ftdiv@f3                               cstackBANK0   00095
___ftdiv@sign                             cstackBANK0   00099
___ftge                                   text80        06CFE
___ftge@ff1                               cstackBANK0   00060
___ftge@ff2                               cstackBANK0   00063
___ftmul                                  text79        05FA8
___ftmul@cntr                             cstackBANK0   0007D
___ftmul@exp                              cstackBANK0   00079
___ftmul@f1                               cstackBANK0   00070
___ftmul@f2                               cstackBANK0   00073
___ftmul@f3_as_product                    cstackBANK0   0007A
___ftmul@sign                             cstackBANK0   0007E
___ftneg                                  text78        07A16
___ftneg@f1                               cstackBANK0   0006D
___ftpack                                 text85        06770
___ftpack@arg                             cstackBANK0   00060
___ftpack@exp                             cstackBANK0   00063
___ftpack@sign                            cstackBANK0   00064
___fttol                                  text77        05EB0
___fttol@exp1                             cstackBANK0   0008A
___fttol@f1                               cstackBANK0   0007C
___fttol@lval                             cstackBANK0   00086
___fttol@sign1                            cstackBANK0   00085
___inthi_sp                               stack         00000
___intlo_sp                               stack         00000
___lbmod                                  text35        0791E
___lbmod@counter                          cstackBANK0   00062
___lbmod@dividend                         cstackBANK0   00061
___lbmod@divisor                          cstackBANK0   00060
___lbmod@rem                              cstackBANK0   00063
___lmul                                   text87        0734E
___lmul@multiplicand                      cstackBANK0   00064
___lmul@multiplier                        cstackBANK0   00060
___lmul@product                           cstackBANK0   00068
___lwdiv                                  text48        073FA
___lwdiv@counter                          cstackBANK0   00064
___lwdiv@dividend                         cstackBANK0   00060
___lwdiv@divisor                          cstackBANK0   00062
[...]
      Locals:        11       0       0       0       0       0       0       0       0       0       0       0       0       0       0       0
      Temps:         23       0       0       0       0       0       0       0       0       0       0       0       0       0       0       0
      Totals:        34       0       0       0       0       0       0       0       0       0       0       0       0       0       0       0
Total ram usage:       34 bytes
 Hardware stack levels used:    1
 Hardware stack levels required when called:    3
 This function calls:
		_UserInterruptHandler
		i2_PHYGetLongRAMAddr
		i2_PHYGetShortRAMAddr
		i2_PHYSetShortRAMAddr
 This function is called by:
		Interrupt level 2
 This function uses a non-reentrant model


 *************** function i2_PHYSetShortRAMAddr *****************
 Defined at:
		line 128 in file "../../../framework/driver/mrf_miwi/src/drv_mrf_miwi_24j40.c"
 Parameters:    Size  Location     Type
  address         1    wreg     unsigned char 
  value           1    2[COMRAM] unsigned char 
 Auto vars:     Size  Location     Type
  address         1    3[COMRAM] unsigned char 
  PHYSetShortR    1    4[COMRAM] volatile unsigned char 
 Return value:  Size  Location     Type
                  1    wreg      void 
 Registers used:
		wreg, status,2, cstack
 Tracked objects:
		On entry : 
		On exit  : 
		Unchanged: 
 Data sizes:     COMRAM   BANK0   BANK1   BANK2   BANK3   BANK4   BANK5   BANK6   BANK7   BANK8   BANK9  BANK10  BANK11  BANK12  BANK13  BANK14
      Params:         1       0       0       0       0       0       0       0       0       0       0       0       0       0       0       0
      Locals:         2       0       0       0       0       0       0       0       0       0       0       0       0       0       0       0
      Temps:          0       0       0       0       0       0       0       0       0       0       0       0       0       0       0       0
      Totals:         3       0       0       0       0       0       0       0       0       0       0       0       0       0       0       0
Total ram usage:        3 bytes
 Hardware stack levels used:    1
 Hardware stack levels required when called:    1
 This function calls:
		i2_SPIPut
 This function is called by:
		_high_isr
 This function uses a non-reentrant model


 *************** function i2_PHYGetShortRAMAddr *****************
 Defined at:
		line 158 in file "../../../framework/driver/mrf_miwi/src/drv_mrf_miwi_24j40.c"
 Parameters:    Size  Location     Type
  address         1    wreg     unsigned char 
 Auto vars:     Size  Location     Type
  address         1    2[COMRAM] unsigned char 
  PHYGetShortR    1    4[COMRAM] volatile unsigned char 
  PHYGetShortR    1    3[COMRAM] unsigned char 
 Return value:  Size  Location     Type
                  1    wreg      unsigned char 
 Registers used:
		wreg, status,2, cstack
 Tracked objects:
		On entry : 
		On exit  : 
		Unchanged: 
 Data sizes:     COMRAM   BANK0   BANK1   BANK2   BANK3   BANK4   BANK5   BANK6   BANK7   BANK8   BANK9  BANK10  BANK11  BANK12  BANK13  BANK14
      Params:         0       0       0       0       0       0       0       0       0       0       0       0       0       0       0       0
      Locals:         3       0       0       0       0       0       0       0       0       0       0       0       0       0       0       0
      Temps:          0       0       0       0       0       0       0       0       0       0       0       0       0       0       0       0
      Totals:         3       0       0       0       0       0       0       0       0       0       0       0       0       0       0       0
Total ram usage:        3 bytes
 Hardware stack levels used:    1
 Hardware stack levels required when called:    2
 This function calls:
		i2_SPIGet
		i2_SPIPut
 This function is called by:
		_high_isr
 This function uses a non-reentrant model


 *************** function i2_PHYGetLongRAMAddr *****************
 Defined at:
		line 189 in file "../../../framework/driver/mrf_miwi/src/drv_mrf_miwi_24j40.c"
 Parameters:    Size  Location     Type
  address         2    2[COMRAM] unsigned int 
 Auto vars:     Size  Location     Type
  PHYGetLongRA    1    7[COMRAM] volatile unsigned char 
  PHYGetLongRA    1    6[COMRAM] unsigned char 
 Return value:  Size  Location     Type
                  1    wreg      unsigned char 
 Registers used:
		wreg, status,2, status,0, cstack
 Tracked objects:
		On entry : 
		On exit  : 
		Unchanged: 
 Data sizes:     COMRAM   BANK0   BANK1   BANK2   BANK3   BANK4   BANK5   BANK6   BANK7   BANK8   BANK9  BANK10  BANK11  BANK12  BANK13  BANK14
      Params:         2       0       0       0       0       0       0       0       0       0       0       0       0       0       0       0
      Locals:         2       0       0       0       0       0       0       0       0       0       0       0       0       0       0       0
      Temps:          2       0       0       0       0       0       0       0       0       0       0       0       0       0       0       0
      Totals:         6       0       0       0       0       0       0       0       0       0       0       0       0       0       0       0
Total ram usage:        6 bytes
 Hardware stack levels used:    1
 Hardware stack levels required when called:    2
 This function calls:
		i2_SPIGet
		i2_SPIPut
 This function is called by:
		_high_isr
 This function uses a non-reentrant model


 *************** function i2_SPIGet *****************
 Defined at:
		line 102 in file "../src/system_config/miwikit_pic18f46j50_24j40/spi.c"
 Parameters:    Size  Location     Type
		None
 Auto vars:     Size  Location     Type
		None
 Return value:  Size  Location     Type
                  1    wreg      unsigned char 
 Registers used:
		wreg, status,2, cstack
 Tracked objects:
		On entry : 
		On exit  : 
		Unchanged: 
 Data sizes:     COMRAM   BANK0   BANK1   BANK2   BANK3   BANK4   BANK5   BANK6   BANK7   BANK8   BANK9  BANK10  BANK11  BANK12  BANK13  BANK14
      Params:         0       0       0       0       0       0       0       0       0       0       0       0       0       0       0       0
      Locals:         0       0       0       0       0       0       0       0       0       0       0       0       0       0       0       0
      Temps:          0       0       0       0       0       0       0       0       0       0       0       0       0       0       0       0
      Totals:         0       0       0       0       0       0       0       0       0       0       0       0       0       0       0       0
Total ram usage:        0 bytes
 Hardware stack levels used:    1
 Hardware stack levels required when called:    1
 This function calls:
		i2_SPIPut
 This function is called by:
		i2_PHYGetShortRAMAddr
		i2_PHYGetLongRAMAddr
 This function uses a non-reentrant model


 *************** function i2_SPIPut *****************
 Defined at:
		line 45 in file "../src/system_config/miwikit_pic18f46j50_24j40/spi.c"
 Parameters:    Size  Location     Type
  v               1    wreg     unsigned char 
 Auto vars:     Size  Location     Type
  v               1    1[COMRAM] unsigned char 
  SPIPut          1    0[COMRAM] unsigned char 
 Return value:  Size  Location     Type
                  1    wreg      void 
 Registers used:
		wreg
 Tracked objects:
		On entry : 
		On exit  : 
		Unchanged: 
 Data sizes:     COMRAM   BANK0   BANK1   BANK2   BANK3   BANK4   BANK5   BANK6   BANK7   BANK8   BANK9  BANK10  BANK11  BANK12  BANK13  BANK14
      Params:         0       0       0       0       0       0       0       0       0       0       0       0       0       0       0       0
      Locals:         2       0       0       0       0       0       0       0       0       0       0       0       0       0       0       0
      Temps:          0       0       0       0       0       0       0       0       0       0       0       0       0       0       0       0
      Totals:         2       0       0       0       0       0       0       0       0       0       0       0       0       0       0       0
Total ram usage:        2 bytes
 Hardware stack levels used:    1
 This function calls:
		Nothing
 This function is called by:
		i2_PHYSetShortRAMAddr
		i2_PHYGetShortRAMAddr
		i2_PHYGetLongRAMAddr
		i2_SPIGet
 This function uses a non-reentrant model


 *************** function _UserInterruptHandler *****************
 Defined at:
		line 186 in file "../src/system_config/miwikit_pic18f46j50_24j40/lcd.c"
 Parameters:    Size  Location     Type
		None
 Auto vars:     Size  Location     Type
		None
 Return value:  Size  Location     Type
                  1    wreg      void 
 Registers used:
		None
 Tracked objects:
		On entry : 
		On exit  : 
		Unchanged: 
 Data sizes:     COMRAM   BANK0   BANK1   BANK2   BANK3   BANK4   BANK5   BANK6   BANK7   BANK8   BANK9  BANK10  BANK11  BANK12  BANK13  BANK14
      Params:         0       0       0       0       0       0       0       0       0       0       0       0       0       0       0       0
      Locals:         0       0       0       0       0       0       0       0       0       0       0       0       0       0       0       0
      Temps:          0       0       0       0       0       0       0       0       0       0       0       0       0       0       0       0
      Totals:         0       0       0       0       0       0       0       0       0       0       0       0       0       0       0       0
Total ram usage:        0 bytes
 Hardware stack levels used:    1
 This function calls:
		Nothing
 This function is called by:
		_high_isr
 This function uses a non-reentrant model



MODULE INFORMATION

Module		Function		Class		Link	Load	Size
../src/CapteurI2C.c
		_readTemperatureRaw		CODE           	6528	0000	209
		_readTemperatureC		CODE           	68CA	0000	165
		_waitForResultSHT		CODE           	7536	0000	75
		_getData16SHT  		CODE           	7028	0000	127
		_shiftIn       		CODE           	70A6	0000	107
		_shiftInCRC    		CODE           	717A	0000	105
		_sendCommandSHT		CODE           	71E2	0000	95
		_readHumidity  		CODE           	47F0	0000	697

../src/CapteurI2C.c estimated size: 1580

../src/system_config/miwikit_pic18f46j50_24j40/lcd.c
		_LCD_Erase     		CODE           	7858	0000	53
		_LCD_Initialize		CODE           	6F24	0000	131
		_LCD_Update    		CODE           	6A10	0000	161
		_LCD_Display   		CODE           	74EC	0000	75
		_UserInterruptHandler		CODE           	7BF4	0000	3
		_LCD_WriteCmd  		CODE           	7B32	0000	21
		_LCD_WriteData 		CODE           	7B1E	0000	21

../src/system_config/miwikit_pic18f46j50_24j40/lcd.c estimated size: 465

C:\Program Files (x86)\Microchip\xc8\v1.45\sources\common\ftneg.c
		___ftneg       		CODE           	7A16	0000	39

C:\Program Files (x86)\Microchip\xc8\v1.45\sources\common\ftneg.c estimated size: 39

C:\Program Files (x86)\Microchip\xc8\v1.45\sources\common\float.c
		___ftpack      		CODE           	6770	0000	177

C:\Program Files (x86)\Microchip\xc8\v1.45\sources\common\float.c estimated size: 177

../src/system_config/miwikit_pic18f46j50_24j40/system.c
		_SYSTEM_Initialize		CODE           	696E	0000	163

../src/system_config/miwikit_pic18f46j50_24j40/system.c estimated size: 163

C:\Program Files (x86)\Microchip\xc8\v1.45\sources\common\doprnt.c
		_sprintf       		CODE           	1AE0	0000	2095

C:\Program Files (x86)\Microchip\xc8\v1.45\sources\common\doprnt.c estimated size: 2095

../src/network.c
		_Network       		CODE           	3496	0000	1091

../src/network.c estimated size: 1091

C:\Program Files (x86)\Microchip\xc8\v1.45\sources\common\Umul16.c
		___wmul        		CODE           	79A0	0000	41

C:\Program Files (x86)\Microchip\xc8\v1.45\sources\common\Umul16.c estimated size: 41

C:\Program Files (x86)\Microchip\xc8\v1.45\sources\common\ftge.c
		___ftge        		CODE           	6CFE	0000	147

C:\Program Files (x86)\Microchip\xc8\v1.45\sources\common\ftge.c estimated size: 147

../src/pan.c
		_alarm         		CODE           	7AD4	0000	27
		_stopBit       		CODE           	7BB8	0000	11
		_putcv         		CODE           	73A6	0000	85
		_startBit      		CODE           	7BC2	0000	11
		_Pan           		CODE           	6BDA	0000	147
		_Power_on      		CODE           	51B2	0000	545
		_Power_off     		CODE           	53D2	0000	545

../src/pan.c estimated size: 1371

C:\Program Files (x86)\Microchip\xc8\v1.45\sources\common\isdigit.c
		_isdigit       		CODE           	7A5E	0000	35

C:\Program Files (x86)\Microchip\xc8\v1.45\sources\common\isdigit.c estimated size: 35

C:\Program Files (x86)\Microchip\xc8\v1.45\sources\common\lwmod.c
		___lwmod       		CODE           	75C4	0000	69

C:\Program Files (x86)\Microchip\xc8\v1.45\sources\common\lwmod.c estimated size: 69

C:\Program Files (x86)\Microchip\xc8\v1.45\sources\common\ftmul.c
		___ftmul       		CODE           	5FA8	0000	247

C:\Program Files (x86)\Microchip\xc8\v1.45\sources\common\ftmul.c estimated size: 247

C:\Program Files (x86)\Microchip\xc8\v1.45\sources\common\ftdiv.c
		___ftdiv       		CODE           	627C	0000	233

C:\Program Files (x86)\Microchip\xc8\v1.45\sources\common\ftdiv.c estimated size: 233

../../../framework/driver/mrf_miwi/src/drv_mrf_miwi_24j40.c
		_PHYGetLongRAMAddr		CODE           	729A	0000	91
		_PHYSetLongRAMAddr		CODE           	72F4	0000	91
		_PHYGetShortRAMAddr		CODE           	788C	0000	51
		_PHYSetShortRAMAddr		CODE           	78EE	0000	49
		_InitMRF24J40  		CODE           	4AA8	0000	615
		_MiMAC_ReceivedPacket		CODE           	299E	0000	1667
		_MiMAC_DiscardPacket		CODE           	7A80	0000	29
		_high_isr      		CODE           	0008	0000	661
		_MiMAC_ChannelAssessment		CODE           	7608	0000	67
		_MiMAC_SetChannel		CODE           	74A0	0000	77
		_MiMAC_Init    		CODE           	7580	0000	69
		_MiMAC_SendPacket		CODE           	40E6	0000	971
		_MiMAC_SetAltAddress		CODE           	7110	0000	107

../../../framework/driver/mrf_miwi/src/drv_mrf_miwi_24j40.c estimated size: 4545

../src/system_config/miwikit_pic18f46j50_24j40/delay.c
		_DELAY_ms      		CODE           	6C6C	0000	147
		_DELAY_10us    		CODE           	6E9E	0000	135

../src/system_config/miwikit_pic18f46j50_24j40/delay.c estimated size: 282

C:\Program Files (x86)\Microchip\xc8\v1.45\sources\common\Umul32.c
		___lmul        		CODE           	734E	0000	89

C:\Program Files (x86)\Microchip\xc8\v1.45\sources\common\Umul32.c estimated size: 89

../src/system_config/miwikit_pic18f46j50_24j40/eeprom.c
		_EEPROMRead    		CODE           	7824	0000	53
		_Read_MAC_Address		CODE           	65F8	0000	201

../src/system_config/miwikit_pic18f46j50_24j40/eeprom.c estimated size: 254

shared
		_dpowers       		MEDIUMCONST    	FC07	0000	11
		_ScanTime      		MEDIUMCONST    	FBBF	0000	61
		i2_PHYGetShortRAMAddr		CODE           	7976	0000	43
		i2_PHYGetLongRAMAddr		CODE           	744E	0000	83
		i2_PHYSetShortRAMAddr		CODE           	79C8	0000	41
		__initialization		CODE           	6820	0000	157
		_octpowers     		MEDIUMCONST    	FBFB	0000	13
		i2_SPIGet      		CODE           	7BE0	0000	11
		_hexpowers     		MEDIUMCONST    	FC11	0000	9
		i2_SPIPut      		CODE           	7AEE	0000	27

shared estimated size: 456

../src/system_config/miwikit_pic18f46j50_24j40/symbol.c
		_InitSymbolTimer		CODE           	7B08	0000	23
		_MiWi_TickGet  		CODE           	7240	0000	91

../src/system_config/miwikit_pic18f46j50_24j40/symbol.c estimated size: 114

../src/Board_Capteur.c
		_ReadTemperatureSensor		CODE           	4D0E	0000	595
		_Board_Capteur_Loop		CODE           	5AE4	0000	381
		_Read_Voltage_Sensor		CODE           	7706	0000	61

../src/Board_Capteur.c estimated size: 1037

C:\Program Files (x86)\Microchip\xc8\v1.45\sources\common\fttol.c
		___fttol       		CODE           	5EB0	0000	249

C:\Program Files (x86)\Microchip\xc8\v1.45\sources\common\fttol.c estimated size: 249

C:\Program Files (x86)\Microchip\xc8\v1.45\sources\common\awtoft.c
		___awtoft      		CODE           	777C	0000	59

C:\Program Files (x86)\Microchip\xc8\v1.45\sources\common\awtoft.c estimated size: 59

../src/soft_i2c.c
		_i2cLowSda     		CODE           	7B7A	0000	15
		_i2cLowScl     		CODE           	7B88	0000	15
		_i2cWriteByte  		CODE           	7742	0000	59
		_i2cHighSda    		CODE           	7B96	0000	13
		_i2cHighScl    		CODE           	7BA2	0000	13
		_i2cStop       		CODE           	7B46	0000	19
		_i2cAck        		CODE           	7B58	0000	19

../src/soft_i2c.c estimated size: 153

C:\Program Files (x86)\Microchip\xc8\v1.45\sources\common\lwdiv.c
		___lwdiv       		CODE           	73FA	0000	85

C:\Program Files (x86)\Microchip\xc8\v1.45\sources\common\lwdiv.c estimated size: 85

C:\Program Files (x86)\Microchip\xc8\v1.45\sources\common\awdiv.c
		___awdiv       		CODE           	6E18	0000	135

C:\Program Files (x86)\Microchip\xc8\v1.45\sources\common\awdiv.c estimated size: 135

C:\Program Files (x86)\Microchip\xc8\v1.45\sources\common\abtoft.c
		___abtoft      		CODE           	77EE	0000	55

C:\Program Files (x86)\Microchip\xc8\v1.45\sources\common\abtoft.c estimated size: 55

C:\Program Files (x86)\Microchip\xc8\v1.45\sources\common\lbmod.c
		___lbmod       		CODE           	791E	0000	47

C:\Program Files (x86)\Microchip\xc8\v1.45\sources\common\lbmod.c estimated size: 47

C:\Program Files (x86)\Microchip\xc8\v1.45\sources\common\ftadd.c
		___ftadd       		CODE           	57AA	0000	431

C:\Program Files (x86)\Microchip\xc8\v1.45\sources\common\ftadd.c estimated size: 431

../src/eusart2.c
		_EUSART2_Initialize		CODE           	77B6	0000	57

../src/eusart2.c estimated size: 57

../src/system_config/miwikit_pic18f46j50_24j40/spi.c
		_SPIPut2       		CODE           	7A9C	0000	29
		_SPIGet        		CODE           	7BD6	0000	11
		_SPIGet2       		CODE           	7BCC	0000	11
		_SPIPut        		CODE           	7AB8	0000	29

../src/system_config/miwikit_pic18f46j50_24j40/spi.c estimated size: 80

../src/main.c
		_main          		CODE           	768C	0000	63

../src/main.c estimated size: 63

C:\Program Files (x86)\Microchip\xc8\v1.45\sources\common\lwtoft.c
		___lwtoft      		CODE           	79F0	0000	39

C:\Program Files (x86)\Microchip\xc8\v1.45\sources\common\lwtoft.c estimated size: 39

C:\Program Files (x86)\Microchip\xc8\v1.45\sources\common\memset.c
		_memset        		CODE           	78BE	0000	49

C:\Program Files (x86)\Microchip\xc8\v1.45\sources\common\memset.c estimated size: 49

../../../framework/miwi/src/miwi_mesh.c
		_MiApp_NoiseDetection		CODE           	5958	0000	397
		_UnicastShortAddress		CODE           	6D90	0000	137
		_MiApp_EstablishConnection		CODE           	38D8	0000	1075
		_MiApp_ProtocolInit		CODE           	5C60	0000	337
		_MiApp_UnicastAddress		CODE           	3D0A	0000	989
		_MiApp_StartConnection		CODE           	6364	0000	231
		_SendMACPacket 		CODE           	6AB0	0000	151
		_SendBeacon    		CODE           	609E	0000	243
		_SendIndirectPacket		CODE           	230E	0000	1681
		_SearchForLongAddress		CODE           	66C0	0000	177
		_MiApp_BroadcastPacket		CODE           	6190	0000	237
		_findNextNetworkEntry		CODE           	76CA	0000	61
		_SearchForShortAddress		CODE           	6FA6	0000	131
		_OpenSocket    		CODE           	44B0	0000	833
		_RouteMessage  		CODE           	3020	0000	1143
		_MiApp_SetChannel		CODE           	7A3C	0000	35
		_SaveIndirectMessage		CODE           	4F60	0000	595
		_MiWiTasks     		CODE           	02A0	0000	6209
		_MiApp_DiscardMessage		CODE           	7BEA	0000	9
		_BroadcastJitter		CODE           	6B46	0000	149
		_MiApp_MessageAvailable		CODE           	7B6A	0000	17
		_MiApp_SearchConnection		CODE           	55F2	0000	441
		_isSameAddress 		CODE           	764A	0000	67
		_AddNodeToNetworkTable		CODE           	644A	0000	223
		_MiApp_ConnectionMode		CODE           	794C	0000	43

../../../framework/miwi/src/miwi_mesh.c estimated size: 15611

